[31;1m👋 Welcome to our SSH chat, enter [0m/help[31;1m for more.
[32;1m🐛 Please enjoy our selection of bugs, but run your own server if you want to crash it:[0m https://here/is/url/to/github
[33;1m🍮 Sponsors get an emoji prefix:[0m https://here/is/our/sponsor/url
[34;1m😌 Be nice and follow our Code of Conduct:[0m https://here/is/our/CoC